// Vitest Snapshot v1, https://vitest.dev/guide/snapshot.html

exports[`ErrorPage > matches the snapshot 1`] = `
<DocumentFragment>
  <div
    class="flex flex-col justify-center items-center h-screen text-center"
  >
    <img
      alt="Error Image"
      class="mb-4"
      data-nimg="1"
      decoding="async"
      height="300"
      loading="lazy"
      src="/app/assets/error.svg"
      style="color: transparent;"
      width="300"
    />
    <h2
      class="text-2xl font-bold mb-4"
    >
      Oops! Something went wrong.
    </h2>
    <a
      aria-label="Back to the homepage"
      class="bg-white text-black border-2 border-black rounded-full hover:bg-black hover:text-white hover:border-white px-12 py-2 mx-4 text-lg"
      href="/"
    >
      Back to Home
    </a>
  </div>
</DocumentFragment>
`;
